16.180.70.237 - - [01/May/2016:02:00:00 +0100] "GET /section6 HTTP/1.0" 200 2238 "http://www.shoppingsite.com" "Mozilla/5.0 (Windows NT 5.1; rv:31.0) Gecko/20100101 Firefox/31.0"
10.182.189.79 - - [01/May/2016:02:34:31 +0100] "GET /section3 HTTP/1.0" 200 2287 "http://productreviews.com" "Mozilla/5.0 (iPad; CPU OS 6_0 like Mac OS X) AppleWebKit/536.26 (KHTML, like Gecko) Version/6.0 Mobile/10A5355d Safari/8536.25"
244.157.45.12 - - [01/May/2016:03:30:13 +0100] "GET /section4 HTTP/1.0" 200 4230 "http://productreviews.com" "Mozilla/5.0 (Macintosh; Intel Mac OS X 10_9_2) AppleWebKit/537.36 (KHTML, like Gecko) Chrome/36.0.1944.0 Safari/537.36"
16.180.70.237 - - [01/May/2016:05:58:22 +0100] "GET /section4 HTTP/1.0" 200 3165 "http://www.shoppingsite.com" "Mozilla/5.0 (Windows; U; MSIE 9.0; WIndows NT 9.0; en-US))"
237.43.24.118 - - [01/May/2016:12:23:03 +0100] "GET /section8 HTTP/1.0" 200 4312 "-" "Mozilla/5.0 (Windows; U; Windows NT 6.1; rv:2.2) Gecko/20110201"
123.221.14.56 - - [01/May/2016:20:54:42 +0100] "GET /section6 HTTP/1.0" 200 4423 "-" "Mozilla/5.0 (Windows NT 5.1; rv:31.0) Gecko/20100101 Firefox/31.0"
10.182.189.79 - - [01/May/2016:23:17:53 +0100] "GET /section1 HTTP/1.0" 200 2255 "http://www.shoppingsite.com" "Mozilla/5.0 (Linux; U; Android 2.3.5; en-us; HTC Vision Build/GRI40) AppleWebKit/533.1 (KHTML, like Gecko) Version/4.0 Mobile Safari/533.1"
198.122.118.164 - - [02/May/2016:06:58:53 +0100] "GET /section5 HTTP/1.0" 200 2987 "http://shoptoplist.com/top_shops" "Mozilla/5.0 (Windows NT 5.1; rv:31.0) Gecko/20100101 Firefox/31.0"
237.43.24.118 - - [02/May/2016:18:26:30 +0100] "GET /section1 HTTP/1.0" 200 2139 "http://shoptoplist.com/top_shops" "Mozilla/5.0 (iPad; CPU OS 6_0 like Mac OS X) AppleWebKit/536.26 (KHTML, like Gecko) Version/6.0 Mobile/10A5355d Safari/8536.25"
81.73.150.239 - - [02/May/2016:20:43:14 +0100] "GET /section4 HTTP/1.0" 200 4004 "http://www.shoppingsite.com" "Mozilla/5.0 (Windows; U; MSIE 9.0; WIndows NT 9.0; en-US))"
10.182.189.79 - - [03/May/2016:08:10:45 +0100] "GET /section1 HTTP/1.0" 200 3111 "http://www.shoppingsite.com" "Mozilla/4.0 (compatible; MSIE 7.0; Windows NT 6.0)"
237.43.24.118 - - [03/May/2016:13:03:53 +0100] "GET /section8 HTTP/1.0" 200 3114 "-" "Mozilla/4.0 (compatible; MSIE 7.0; Windows NT 6.0)"
81.73.150.239 - - [03/May/2016:18:16:40 +0100] "GET /section2 HTTP/1.0" 200 3045 "-" "Mozilla/5.0 (Windows; U; MSIE 9.0; WIndows NT 9.0; en-US))"
244.157.45.12 - - [04/May/2016:20:15:14 +0100] "GET /section2 HTTP/1.0" 200 4393 "http://searchengine.com" "Mozilla/4.0 (compatible; MSIE 7.0; Windows NT 6.0)"
244.157.45.12 - - [05/May/2016:10:59:26 +0100] "GET /section2 HTTP/1.0" 200 4775 "-" "Mozilla/5.0 (iPad; CPU OS 6_0 like Mac OS X) AppleWebKit/536.26 (KHTML, like Gecko) Version/6.0 Mobile/10A5355d Safari/8536.25"
123.221.14.56 - - [06/May/2016:10:03:15 +0100] "GET /section5 HTTP/1.0" 200 3467 "-" "Mozilla/5.0 (Linux; U; Android 2.3.5; en-us; HTC Vision Build/GRI40) AppleWebKit/533.1 (KHTML, like Gecko) Version/4.0 Mobile Safari/533.1"
10.182.189.79 - - [06/May/2016:17:35:39 +0100] "GET /section6 HTTP/1.0" 200 4924 "http://productreviews.com" "Mozilla/5.0 (Windows; U; Windows NT 6.1; rv:2.2) Gecko/20110201"
218.193.16.244 - - [06/May/2016:21:51:29 +0100] "GET /section8 HTTP/1.0" 200 3870 "http://shoptoplist.com/top_shops" "Mozilla/5.0 (Linux; U; Android 2.3.5; en-us; HTC Vision Build/GRI40) AppleWebKit/533.1 (KHTML, like Gecko) Version/4.0 Mobile Safari/533.1"
81.73.150.239 - - [07/May/2016:04:37:01 +0100] "GET /section3 HTTP/1.0" 200 2704 "http://www.shoppingsite.com" "Mozilla/5.0 (Macintosh; Intel Mac OS X 10_9_2) AppleWebKit/537.36 (KHTML, like Gecko) Chrome/36.0.1944.0 Safari/537.36"
233.192.62.103 - - [08/May/2016:01:12:00 +0100] "GET /section7 HTTP/1.0" 200 4806 "http://productreviews.com" "Mozilla/5.0 (Linux; U; Android 2.3.5; en-us; HTC Vision Build/GRI40) AppleWebKit/533.1 (KHTML, like Gecko) Version/4.0 Mobile Safari/533.1"
123.221.14.56 - - [09/May/2016:23:51:54 +0100] "GET /section8 HTTP/1.0" 200 3968 "http://searchengine.com" "Mozilla/5.0 (iPad; CPU OS 6_0 like Mac OS X) AppleWebKit/536.26 (KHTML, like Gecko) Version/6.0 Mobile/10A5355d Safari/8536.25"
218.193.16.244 - - [11/May/2016:17:47:58 +0100] "GET /section2 HTTP/1.0" 200 4772 "http://www.shoppingsite.com" "Mozilla/4.0 (compatible; MSIE 7.0; Windows NT 6.0)"
198.122.118.164 - - [13/May/2016:12:30:35 +0100] "GET /section1 HTTP/1.0" 200 4534 "http://www.shoppingsite.com" "Mozilla/4.0 (compatible; MSIE 7.0; Windows NT 6.0)"
233.192.62.103 - - [14/May/2016:15:30:04 +0100] "GET /section2 HTTP/1.0" 200 3556 "http://shoptoplist.com/top_shops" "Mozilla/4.0 (compatible; MSIE 7.0; Windows NT 6.0)"
237.43.24.118 - - [15/May/2016:18:30:43 +0100] "GET /section6 HTTP/1.0" 200 3669 "http://searchengine.com" "Mozilla/5.0 (Windows; U; Windows NT 6.1; rv:2.2) Gecko/20110201"
81.73.150.239 - - [17/May/2016:17:08:27 +0100] "GET /section1 HTTP/1.0" 200 4968 "http://searchengine.com" "Mozilla/4.0 (compatible; MSIE 7.0; Windows NT 6.0)"
198.122.118.164 - - [18/May/2016:07:29:55 +0100] "GET /section6 HTTP/1.0" 200 3225 "http://searchengine.com" "Mozilla/5.0 (Macintosh; Intel Mac OS X 10_9_2) AppleWebKit/537.36 (KHTML, like Gecko) Chrome/36.0.1944.0 Safari/537.36"
237.43.24.118 - - [20/May/2016:23:49:05 +0100] "GET /section4 HTTP/1.0" 200 2617 "http://searchengine.com" "Mozilla/5.0 (Windows; U; Windows NT 6.1; rv:2.2) Gecko/20110201"
244.157.45.12 - - [21/May/2016:13:01:54 +0100] "GET /section1 HTTP/1.0" 200 4056 "http://www.shoppingsite.com" "Mozilla/5.0 (Windows NT 5.1; rv:31.0) Gecko/20100101 Firefox/31.0"
218.193.16.244 - - [23/May/2016:16:47:42 +0100] "GET /section4 HTTP/1.0" 200 4987 "http://www.shoppingsite.com" "Mozilla/5.0 (Linux; U; Android 2.3.5; en-us; HTC Vision Build/GRI40) AppleWebKit/533.1 (KHTML, like Gecko) Version/4.0 Mobile Safari/533.1"
233.192.62.103 - - [26/May/2016:10:39:24 +0100] "GET /section2 HTTP/1.0" 200 3893 "http://productreviews.com" "Mozilla/5.0 (iPad; CPU OS 6_0 like Mac OS X) AppleWebKit/536.26 (KHTML, like Gecko) Version/6.0 Mobile/10A5355d Safari/8536.25"
233.192.62.103 - - [29/May/2016:14:43:17 +0100] "GET /section8 HTTP/1.0" 200 4166 "http://searchengine.com" "Mozilla/5.0 (Windows; U; MSIE 9.0; WIndows NT 9.0; en-US))"
198.122.118.164 - - [31/May/2016:20:01:49 +0100] "GET /section7 HTTP/1.0" 200 2878 "-" "Mozilla/5.0 (Windows NT 5.1; rv:31.0) Gecko/20100101 Firefox/31.0"
218.193.16.244 - - [02/Jun/2016:11:38:18 +0100] "GET /section8 HTTP/1.0" 200 4212 "http://productreviews.com" "Mozilla/5.0 (Windows; U; Windows NT 6.1; rv:2.2) Gecko/20110201"
10.182.189.79 - - [03/Jun/2016:16:56:43 +0100] "GET /section7 HTTP/1.0" 200 4757 "http://www.shoppingsite.com" "Mozilla/5.0 (Windows; U; Windows NT 6.1; rv:2.2) Gecko/20110201"
81.73.150.239 - - [07/Jun/2016:15:33:05 +0100] "GET /section2 HTTP/1.0" 200 3331 "http://shoptoplist.com/top_shops" "Mozilla/5.0 (Macintosh; Intel Mac OS X 10_9_2) AppleWebKit/537.36 (KHTML, like Gecko) Chrome/36.0.1944.0 Safari/537.36"
198.122.118.164 - - [08/Jun/2016:11:14:29 +0100] "GET /section4 HTTP/1.0" 200 4655 "http://shoptoplist.com/top_shops" "Mozilla/4.0 (compatible; MSIE 7.0; Windows NT 6.0)"
114.214.178.92 - - [10/Jun/2016:17:23:38 +0100] "GET /section1 HTTP/1.0" 200 2524 "http://shoptoplist.com/top_shops" "Mozilla/5.0 (Macintosh; Intel Mac OS X 10_9_2) AppleWebKit/537.36 (KHTML, like Gecko) Chrome/36.0.1944.0 Safari/537.36"
237.43.24.118 - - [11/Jun/2016:22:35:51 +0100] "GET /section6 HTTP/1.0" 200 3069 "http://productreviews.com" "Mozilla/5.0 (Linux; U; Android 2.3.5; en-us; HTC Vision Build/GRI40) AppleWebKit/533.1 (KHTML, like Gecko) Version/4.0 Mobile Safari/533.1"
10.182.189.79 - - [15/Jun/2016:04:24:40 +0100] "GET /section7 HTTP/1.0" 200 2156 "http://shoptoplist.com/top_shops" "Mozilla/5.0 (iPad; CPU OS 6_0 like Mac OS X) AppleWebKit/536.26 (KHTML, like Gecko) Version/6.0 Mobile/10A5355d Safari/8536.25"
114.214.178.92 - - [16/Jun/2016:02:01:10 +0100] "GET /section4 HTTP/1.0" 200 3304 "http://productreviews.com" "Mozilla/4.0 (compatible; MSIE 7.0; Windows NT 6.0)"
237.43.24.118 - - [20/Jun/2016:22:20:32 +0100] "GET /section1 HTTP/1.0" 200 2307 "-" "Mozilla/5.0 (iPad; CPU OS 6_0 like Mac OS X) AppleWebKit/536.26 (KHTML, like Gecko) Version/6.0 Mobile/10A5355d Safari/8536.25"
244.157.45.12 - - [25/Jun/2016:08:48:01 +0100] "GET /section1 HTTP/1.0" 200 4568 "-" "Mozilla/5.0 (Macintosh; Intel Mac OS X 10_9_2) AppleWebKit/537.36 (KHTML, like Gecko) Chrome/36.0.1944.0 Safari/537.36"
244.157.45.12 - - [27/Jun/2016:19:19:33 +0100] "GET /section3 HTTP/1.0" 200 3265 "http://shoptoplist.com/top_shops" "Mozilla/5.0 (Linux; U; Android 2.3.5; en-us; HTC Vision Build/GRI40) AppleWebKit/533.1 (KHTML, like Gecko) Version/4.0 Mobile Safari/533.1"
233.192.62.103 - - [30/Jun/2016:19:50:29 +0100] "GET /section3 HTTP/1.0" 200 2742 "http://productreviews.com" "Mozilla/5.0 (Windows; U; Windows NT 6.1; rv:2.2) Gecko/20110201"
198.122.118.164 - - [05/Jul/2016:01:47:41 +0100] "GET /section2 HTTP/1.0" 200 3522 "http://productreviews.com" "Mozilla/5.0 (Windows; U; Windows NT 6.1; rv:2.2) Gecko/20110201"
81.73.150.239 - - [07/Jul/2016:12:59:11 +0100] "GET /section4 HTTP/1.0" 200 4533 "http://www.shoppingsite.com" "Mozilla/4.0 (compatible; MSIE 7.0; Windows NT 6.0)"
244.157.45.12 - - [12/Jul/2016:11:14:26 +0100] "GET /section2 HTTP/1.0" 200 4916 "-" "Mozilla/5.0 (Linux; U; Android 2.3.5; en-us; HTC Vision Build/GRI40) AppleWebKit/533.1 (KHTML, like Gecko) Version/4.0 Mobile Safari/533.1"
114.214.178.92 - - [15/Jul/2016:06:53:04 +0100] "GET /section1 HTTP/1.0" 200 2743 "http://searchengine.com" "Mozilla/4.0 (compatible; MSIE 7.0; Windows NT 6.0)"
123.221.14.56 - - [17/Jul/2016:17:00:14 +0100] "GET /section5 HTTP/1.0" 200 2281 "http://shoptoplist.com/top_shops" "Mozilla/4.0 (compatible; MSIE 7.0; Windows NT 6.0)"
10.182.189.79 - - [24/Jul/2016:01:01:35 +0100] "GET /section3 HTTP/1.0" 200 4441 "http://www.shoppingsite.com" "Mozilla/5.0 (Windows; U; MSIE 9.0; WIndows NT 9.0; en-US))"
244.157.45.12 - - [27/Jul/2016:22:07:24 +0100] "GET /section7 HTTP/1.0" 200 2723 "http://searchengine.com" "Mozilla/5.0 (Linux; U; Android 2.3.5; en-us; HTC Vision Build/GRI40) AppleWebKit/533.1 (KHTML, like Gecko) Version/4.0 Mobile Safari/533.1"
114.214.178.92 - - [30/Jul/2016:05:47:58 +0100] "GET /section4 HTTP/1.0" 200 4896 "http://searchengine.com" "Mozilla/5.0 (iPad; CPU OS 6_0 like Mac OS X) AppleWebKit/536.26 (KHTML, like Gecko) Version/6.0 Mobile/10A5355d Safari/8536.25"
123.221.14.56 - - [05/Aug/2016:03:54:33 +0100] "GET /section3 HTTP/1.0" 200 2248 "http://productreviews.com" "Mozilla/5.0 (Macintosh; Intel Mac OS X 10_9_2) AppleWebKit/537.36 (KHTML, like Gecko) Chrome/36.0.1944.0 Safari/537.36"
10.182.189.79 - - [06/Aug/2016:21:54:07 +0100] "GET /section8 HTTP/1.0" 200 3141 "http://www.shoppingsite.com" "Mozilla/5.0 (Windows; U; MSIE 9.0; WIndows NT 9.0; en-US))"
10.182.189.79 - - [10/Aug/2016:06:34:41 +0100] "GET /section1 HTTP/1.0" 200 2569 "http://shoptoplist.com/top_shops" "Mozilla/4.0 (compatible; MSIE 7.0; Windows NT 6.0)"
10.182.189.79 - - [17/Aug/2016:15:26:13 +0100] "GET /section8 HTTP/1.0" 200 3648 "-" "Mozilla/5.0 (Windows NT 5.1; rv:31.0) Gecko/20100101 Firefox/31.0"
244.157.45.12 - - [18/Aug/2016:22:27:11 +0100] "GET /section5 HTTP/1.0" 200 2222 "http://www.shoppingsite.com" "Mozilla/5.0 (Macintosh; Intel Mac OS X 10_9_2) AppleWebKit/537.36 (KHTML, like Gecko) Chrome/36.0.1944.0 Safari/537.36"
123.221.14.56 - - [26/Aug/2016:21:54:36 +0100] "GET /section2 HTTP/1.0" 200 2485 "http://www.shoppingsite.com" "Mozilla/5.0 (Macintosh; Intel Mac OS X 10_9_2) AppleWebKit/537.36 (KHTML, like Gecko) Chrome/36.0.1944.0 Safari/537.36"
218.193.16.244 - - [29/Aug/2016:08:28:07 +0100] "GET /section5 HTTP/1.0" 200 4466 "http://productreviews.com" "Mozilla/5.0 (iPad; CPU OS 6_0 like Mac OS X) AppleWebKit/536.26 (KHTML, like Gecko) Version/6.0 Mobile/10A5355d Safari/8536.25"
233.192.62.103 - - [01/Sep/2016:20:56:16 +0100] "GET /section3 HTTP/1.0" 200 4667 "http://shoptoplist.com/top_shops" "Mozilla/5.0 (Windows NT 5.1; rv:31.0) Gecko/20100101 Firefox/31.0"
114.214.178.92 - - [08/Sep/2016:20:59:46 +0100] "GET /section2 HTTP/1.0" 200 2706 "http://searchengine.com" "Mozilla/5.0 (Macintosh; Intel Mac OS X 10_9_2) AppleWebKit/537.36 (KHTML, like Gecko) Chrome/36.0.1944.0 Safari/537.36"
233.192.62.103 - - [11/Sep/2016:17:50:19 +0100] "GET /section7 HTTP/1.0" 200 3906 "http://searchengine.com" "Mozilla/5.0 (Macintosh; Intel Mac OS X 10_9_2) AppleWebKit/537.36 (KHTML, like Gecko) Chrome/36.0.1944.0 Safari/537.36"
114.214.178.92 - - [19/Sep/2016:16:51:09 +0100] "GET /section2 HTTP/1.0" 200 4012 "http://shoptoplist.com/top_shops" "Mozilla/5.0 (iPad; CPU OS 6_0 like Mac OS X) AppleWebKit/536.26 (KHTML, like Gecko) Version/6.0 Mobile/10A5355d Safari/8536.25"
81.73.150.239 - - [25/Sep/2016:12:31:35 +0100] "GET /section4 HTTP/1.0" 200 3169 "http://www.shoppingsite.com" "Mozilla/5.0 (iPad; CPU OS 6_0 like Mac OS X) AppleWebKit/536.26 (KHTML, like Gecko) Version/6.0 Mobile/10A5355d Safari/8536.25"
